SWIGRegisterExceptionCallbacks_libtelio
SWIGRegisterExceptionArgumentCallbacks_libtelio
SWIGRegisterStringCallback_libtelio
CSharp_NordSecfTelio_new_Telio___
CSharp_NordSecfTelio_Telio_GetDefaultAdapter___
CSharp_NordSecfTelio_delete_Telio___
CSharp_NordSecfTelio_Telio_Start___
CSharp_NordSecfTelio_Telio_StartNamed___
CSharp_NordSecfTelio_Telio_EnableMagicDns___
CSharp_NordSecfTelio_Telio_DisableMagicDns___
CSharp_NordSecfTelio_Telio_Stop___
CSharp_NordSecfTelio_Telio_GetAdapterLuid___
CSharp_NordSecfTelio_Telio_SetPrivateKey___
CSharp_NordSecfTelio_Telio_GetPrivateKey___
CSharp_NordSecfTelio_Telio_NotifyNetworkChange___
CSharp_NordSecfTelio_Telio_ConnectToExitNode___
CSharp_NordSecfTelio_Telio_DisconnectFromExitNode___
CSharp_NordSecfTelio_Telio_DisconnectFromExitNodes___
CSharp_NordSecfTelio_Telio_SetMeshnet___
CSharp_NordSecfTelio_Telio_SetMeshnetOff___
CSharp_NordSecfTelio_Telio_GenerateSecretKey___
CSharp_NordSecfTelio_Telio_GeneratePublicKey___
CSharp_NordSecfTelio_Telio_GetStatusMap___
CSharp_NordSecfTelio_Telio_GetLastError___
CSharp_NordSecfTelio_Telio_GetVersionTag___
CSharp_NordSecfTelio_Telio_GetCommitSha___
